[20:44:56.012] [INFO] Checking the health of your Storybook..
[20:44:56.013] [DEBUG] Getting Storybook info...
[20:44:56.015] [DEBUG] Loading main config...
[20:44:56.128] [DEBUG] Getting stories paths...
[20:44:56.142] [DEBUG] Getting package manager...
[20:44:56.629] [DEBUG] Getting Storybook version...
[20:44:58.256] [DEBUG] An issue occurred while trying to find dependencies metadata using npm.
[20:44:58.256] [WARN] .storybook: 1 issue found
[20:44:58.256] [INFO] You are currently using Storybook 9.1.3 but you have packages which are incompatible with it:

- @storybook/addon-essentials@8.6.14 which depends on 8.6.14
 Repo: https://github.com/storybookjs/storybook/tree/next/code/addons/essentials
- @storybook/addon-interactions@8.6.14 which depends on 8.6.14
 Repo: https://github.com/storybookjs/storybook/tree/next/code/addons/interactions
- @storybook/test@8.6.14 which depends on 8.6.14
 Repo: https://github.com/storybookjs/storybook/tree/next/code/lib/test

Please consider updating your packages or contacting the maintainers for compatibility details.

For more on Storybook 9 compatibility, see the linked GitHub issue:
https://github.com/storybookjs/storybook/issues/30944
[20:44:58.260] [INFO] Storybook doctor is complete!
[20:44:58.260] [INFO] You can always recheck the health of your project(s) by running:
npx storybook doctor